[sand-game.com/index.html]
[backblue.gif]
[fade.gif]
[index.html]
[sand-game.com/img/share/facebook.jpg]
[sand-game.com/img/share/twitter.jpg]
[sand-game.com/index.0b06fabf.css]
[sand-game.com/index.1344820b.css]
[sand-game.com/apple-touch-icon.53ddae35.png]
[sand-game.com/favicon-32x32.fe069e8f.png]
[sand-game.com/favicon-16x16.029f5aec.png]
[sand-game.com/favicons/site.webmanifest]
[sand-game.com/safari-pinned-tab.d32fa27d.svg]
[sand-game.com/favicon.7a65ed93.ico]
[sand-game.com/favicons/browserconfig.xml]
[sand-game.com/sand-logo.58d0c86a.png]
[sand-game.com/index-2.html]
[sand-game.com/ua.html]
[sand-game.com/sand_site_pc.3c2f9e26.mp4]
[sand-game.com/logo-anim_2.b829d203.mp4]
[sand-game.com/towerhaus-logo.f72947b9.svg]
[sand-game.com/hologryph-logo.3b324db3.svg]
[sand-game.com/tinybuild-logo.372656bd.svg]
[sand-game.com/index.1ee059c8.js]
[sand-game.com/index.html]
[sand-game.com/index.0b06fabf.css]
[sand-game.com/index.5bf75785.js]
[sand-game.com/Headliner-No-45.a1f1a226.eot]
[sand-game.com/Headliner-No-45.5b4197db.woff]
[sand-game.com/Headliner-No-45.09c319db.woff2]
[sand-game.com/Headliner-No-45.efb13071.ttf]
[sand-game.com/Akrobat-SemiBold.1f7294a7.eot]
[sand-game.com/Akrobat-SemiBold.13c1fb0a.woff]
[sand-game.com/Akrobat-SemiBold.9231610b.woff2]
[sand-game.com/Akrobat-SemiBold.efff1125.ttf]
[sand-game.com/lang.35fc1a80.png]
[sand-game.com/arrow-line@3x.46253003.png]
[sand-game.com/arrow@3x.50cc4124.png]
[sand-game.com/sand-logo-with-glow-contrast2.35a75b74.png]
[sand-game.com/sand-logo_mac.9eedff69.png]
[sand-game.com/bg-for-button.0f51a478.png]
[sand-game.com/image-mask.7c442f7c.png]
[sand-game.com/bg-for-button_steam.ad437563.png]
[sand-game.com/bg-for-button_alpha.8dc21ba6.png]
[sand-game.com/frame-bg-test.191d8691.png]
[sand-game.com/line-hor.12eb66ea.png]
[sand-game.com/line.6e0cf240.png]
[sand-game.com/top-decor.2871c418.png]
[sand-game.com/top-decor_vert.1884a4df.png]
[sand-game.com/decor-circle_large.f704cca2.png]
[sand-game.com/decor-circle_mid.73ebeb32.png]
[sand-game.com/decor-circle_small.4bb01f2c.png]
[sand-game.com/decor-circle_line.2955ad7c.png]
[sand-game.com/img-frame_02.cdb1a939.png]
[sand-game.com/prapor.acb2ec63.png]
[sand-game.com/index.1344820b.css]
[sand-game.com/safari-pinned-tab.d32fa27d.svg]
[sand-game.com/_Game.568d44dd.html]
[sand-game.com/_Walkers.32984d8e.html]
[sand-game.com/_World.fde904b5.html]
[sand-game.com/_Characters.947acc93.html]
[sand-game.com/index-2.html]
[sand-game.com/ua.html]
[sand-game.com/towerhaus-logo.f72947b9.svg]
[sand-game.com/hologryph-logo.3b324db3.svg]
[sand-game.com/tinybuild-logo.372656bd.svg]
